Step1:
https://stackoverflow.com/questions/44446523/unable-to-load-script-from-assets-index-android-bundle-on-windows

react-native bundle --platform android --dev false --entry-file index.js --bundle-output android/app/src/main/assets/index.android.bundle --assets-dest android/app/src/main/res

react-native bundle --platform android --dev false --entry-file index.js --bundle-output android/app/src/main/assets/index.android.bundle --assets-dest android/app/src/main/res

react-native run-android

Step 2 :
npm install jest-serializer

Enable Navigation in React Native:

D:\Kotlin_Templates\MyFirstReact>npm install -g yarn

D:\Kotlin_Templates\MyFirstReact>yarn add react-navigation
(or)
npm install --save react-navigation

yarn add react-navigation@^2.13.0    (Specific)
D:\Kotlin_Templates\ReactScreenNavigation>react-native link




Important Links For login:
https://www.tutorialspoint.com/react_native/react_native_text_input.htm



https://www.npmjs.com/package/react-native-android-log


https://github.com/dwicao/react-native-login-screen/blob/master/src/components/LoginScreen.js


Secure PAssword:
https://www.npmjs.com/package/react-native-hide-show-password-input


Navigation:
https://www.youtube.com/watch?v=PWzSX_kji3Q


Issue:
https://stackoverflow.com/questions/53773966/stack-navigation-undefined-function-issue


logs:
D:\Kotlin_Templates\MyFirstReact>react-native log-android




Start React Native using Expo:
$ npm install -g expo-cli
$ expo init my-app
$ cd my-app/
$ npm start